current directory: /home/asa/Downloads/Asset-managment/vendor/bundle/ruby/3.2.0/gems/ed25519-1.4.0/ext/ed25519_ref10
/usr/bin/ruby3.2 -I/usr/lib/ruby/vendor_ruby extconf.rb
checking for whether -Wall is accepted as CFLAGS... yes
checking for whether -O3 is accepted as CFLAGS... yes
checking for whether -pedantic is accepted as CFLAGS... no
checking for whether -std=c99 is accepted as CFLAGS... yes
creating Makefile

current directory: /home/asa/Downloads/Asset-managment/vendor/bundle/ruby/3.2.0/gems/ed25519-1.4.0/ext/ed25519_ref10
make DESTDIR\= sitearchdir\=./.gem.20260409-8806-652oy4 sitelibdir\=./.gem.20260409-8806-652oy4 clean

current directory: /home/asa/Downloads/Asset-managment/vendor/bundle/ruby/3.2.0/gems/ed25519-1.4.0/ext/ed25519_ref10
make DESTDIR\= sitearchdir\=./.gem.20260409-8806-652oy4 sitelibdir\=./.gem.20260409-8806-652oy4
compiling ed25519_ref10.c
compiling fe.c
compiling ge.c
compiling keypair.c
compiling open.c
compiling sc_muladd.c
compiling sc_reduce.c
compiling sha512.c
compiling sign.c
compiling verify.c
linking shared-object ed25519_ref10.so

current directory: /home/asa/Downloads/Asset-managment/vendor/bundle/ruby/3.2.0/gems/ed25519-1.4.0/ext/ed25519_ref10
make DESTDIR\= sitearchdir\=./.gem.20260409-8806-652oy4 sitelibdir\=./.gem.20260409-8806-652oy4 install
/usr/bin/install -c -m 0755 ed25519_ref10.so ./.gem.20260409-8806-652oy4

current directory: /home/asa/Downloads/Asset-managment/vendor/bundle/ruby/3.2.0/gems/ed25519-1.4.0/ext/ed25519_ref10
make DESTDIR\= sitearchdir\=./.gem.20260409-8806-652oy4 sitelibdir\=./.gem.20260409-8806-652oy4 clean
